// Jest Snapshot v1, https://goo.gl/fbAQLP

exports[`renders correctly 1`] = `
<Fragment>
  <Styled(MuiBox)
    className="makeStyles-topPanel-1"
  >
    <h3
      className="makeStyles-welcome-4"
    >
      Witaj!
    </h3>
    <h3
      className="makeStyles-title-2"
    />
  </Styled(MuiBox)>
</Fragment>
`;
