// Jest Snapshot v1, https://goo.gl/fbAQLP

exports[`EditProfile matches snapshot 1`] = `
<Fragment>
  <Styled(MuiBox)
    className="makeStyles-root-1"
  >
    <form
      className="makeStyles-form-4"
      onSubmit={[Function]}
    >
      <div
        style={
          Object {
            "display": "flex",
            "justifyContent": "space-between",
          }
        }
      >
        <WithStyles(WithStyles(ForwardRef(TextField)))
          className="makeStyles-textfield-5"
          color="secondary"
          label="Imię"
          onChange={[Function]}
          style={
            Object {
              "width": "46%",
            }
          }
          value="test"
          variant="standard"
        />
        <WithStyles(WithStyles(ForwardRef(TextField)))
          className="makeStyles-textfield-5"
          color="secondary"
          label="Nazwisko"
          onChange={[Function]}
          style={
            Object {
              "width": "46%",
            }
          }
          value="test"
          variant="standard"
        />
      </div>
      <div
        style={
          Object {
            "display": "flex",
            "justifyContent": "space-between",
          }
        }
      >
        <WithStyles(WithStyles(ForwardRef(TextField)))
          className="makeStyles-textfield-5"
          color="secondary"
          label="Miejscowość"
          onChange={[Function]}
          style={
            Object {
              "width": "56%",
            }
          }
          value="test"
          variant="standard"
        />
        <WithStyles(WithStyles(ForwardRef(TextField)))
          className="makeStyles-textfield-5"
          color="secondary"
          label="Wiek"
          onChange={[Function]}
          style={
            Object {
              "width": "36%",
            }
          }
          value={20}
          variant="standard"
        />
      </div>
      <WithStyles(WithStyles(ForwardRef(TextField)))
        className="makeStyles-textfield-5"
        color="secondary"
        label="Opis"
        multiline={true}
        onChange={[Function]}
        rowsMax={4}
        value="test"
        variant="standard"
      />
      <WithStyles(WithStyles(ForwardRef(TextField)))
        className="makeStyles-textfield-5"
        color="secondary"
        label="Zdjęcie"
        multiline={true}
        onChange={[Function]}
        rowsMax={4}
        value="test"
        variant="standard"
      />
    </form>
  </Styled(MuiBox)>
  <div
    className="makeStyles-buttonPos-3"
  >
    <WithStyles(WithStyles(ForwardRef(Button)))
      className="makeStyles-textfield-5"
      color="secondary"
      onClick={[Function]}
      type="submit"
      variant="contained"
    >
      <WithStyles(ForwardRef(Typography))
        variant="button"
      >
        Zatwierdź
      </WithStyles(ForwardRef(Typography))>
    </WithStyles(WithStyles(ForwardRef(Button)))>
  </div>
</Fragment>
`;

exports[`NotificationItem matches snapshot 1`] = `
<Fragment>
  <WithStyles(ForwardRef(List))
    className="makeStyles-root-6"
  >
    <WithStyles(ForwardRef(ListItem))>
      <WithStyles(ForwardRef(ListItemIcon))>
        <FacebookIcon />
      </WithStyles(ForwardRef(ListItemIcon))>
      <WithStyles(ForwardRef(ListItemText))
        className="makeStyles-linkFont-9"
        primary="test"
      />
    </WithStyles(ForwardRef(ListItem))>
    <WithStyles(ForwardRef(ListItem))>
      <WithStyles(ForwardRef(ListItemIcon))>
        <InstagramIcon />
      </WithStyles(ForwardRef(ListItemIcon))>
      <WithStyles(ForwardRef(ListItemText))
        className="makeStyles-linkFont-9"
        primary="test"
      />
    </WithStyles(ForwardRef(ListItem))>
    <WithStyles(ForwardRef(ListItem))>
      <WithStyles(ForwardRef(ListItemIcon))>
        <TwitterIcon />
      </WithStyles(ForwardRef(ListItemIcon))>
      <WithStyles(ForwardRef(ListItemText))
        className="makeStyles-linkFont-9"
        primary="test"
      />
    </WithStyles(ForwardRef(ListItem))>
  </WithStyles(ForwardRef(List))>
  <div
    className="makeStyles-buttonPos-8"
  >
    <WithStyles(WithStyles(ForwardRef(Button)))
      className="makeStyles-button-7"
      color="secondary"
      type="submit"
      variant="contained"
    >
      <WithStyles(ForwardRef(Typography))
        onClick={[Function]}
        variant="button"
      >
        Edytuj
      </WithStyles(ForwardRef(Typography))>
    </WithStyles(WithStyles(ForwardRef(Button)))>
  </div>
</Fragment>
`;

exports[`NotificationItem matches snapshot 2`] = `
<Fragment>
  <Loading />
</Fragment>
`;
