// Jest Snapshot v1, https://goo.gl/fbAQLP

exports[`SuggestionItem matches snapshot 1`] = `
<Styled(MuiBox)
  className="makeStyles-suggestionItemContainer-1"
>
  <a
    className="makeStyles-interestTitle-2"
    onClick={[Function]}
  >
    #
  </a>
  <p
    className="makeStyles-teamsNumber-3"
  >
    1
     Zespołów
  </p>
</Styled(MuiBox)>
`;

exports[`SuggestionList matches snapshot 1`] = `
<Styled(MuiBox)
  className="makeStyles-interestList-5"
>
  <Loading />
</Styled(MuiBox)>
`;
